
╔══════════════════════════════════════════╗
║  LatticeCryBenchmarking                  ║
╚══════════════════════════════════════════╝
╔══════════════════════════════════════════════════╗
║     MP12 TrapGen  —  C/C++ Implementation        ║
║  Micciancio & Peikert, EUROCRYPT 2012            ║
╚══════════════════════════════════════════════════╝

Parameters:
  n = 8  (lattice dimension)
  q = 257  (modulus)
  b = 2  (gadget base)
  k = 9  (k = ceil(log_b q))
  m_bar = 8
  m = 80  (total columns of A)
  sigma = 1  (trapdoor Gaussian width)
  s = 254.558  (preimage Gaussian width)

=== Test 1: Gadget Matrix G ===
G  (8×72)
  [     1     2     4     8    16    32    64   128 ... ]
  [     0     0     0     0     0     0     0     0 ... ]
  [     0     0     0     0     0     0     0     0 ... ]
  [     0     0     0     0     0     0     0     0 ... ]
  ...
Gadget structure check: PASS

=== Test 2: Gadget Basis S_g ===
S_g (first block)  (72×72)
  [    -2     0     0     0     0     0     0     0     1 ... ]
  [     1    -2     0     0     0     0     0     0     0 ... ]
  [     0     1    -2     0     0     0     0     0     0 ... ]
  [     0     0     1    -2     0     0     0     0     0 ... ]
  [     0     0     0     1    -2     0     0     0     0 ... ]
  [     0     0     0     0     1    -2     0     0     0 ... ]
  [     0     0     0     0     0     1    -2     0     0 ... ]
  [     0     0     0     0     0     0     1    -2     0 ... ]
  [     0     0     0     0     0     0     0     1     1 ... ]
  ...
G · S_g = 0 (mod q): PASS

=== Test 3: SampleG (G-lattice short preimage) ===
SampleG correctness: 20/20 PASS
Average preimage norm: 5.66

=== Test 4: GenTrap ===
A  (8×80)
  [    80   142   241   189    49    50   244    74    34   133 ... ]
  [   210   125    69   150    13   143   164   250    27    88 ... ]
  [   218   152    83   215    25   206    46    10   243   122 ... ]
  ...
R (trapdoor)  (8×72)
  [     1     0    -1     1     0     0     0     1 ... ]
  [     0     0     0     1    -2     0     1     0 ... ]
  [     0     1    -2     1     0     0     0    -1 ... ]
  ...
GenTrap time: 0.14 ms
A · [R; I] = G (mod q): PASS

=== Test 5: SamplePre (full round-trip) ===
  Trial 0: ||x||=2100.7  A·x=u? YES  time=0.0ms
  Trial 1: ||x||=2197.8  A·x=u? YES  time=0.0ms
  Trial 2: ||x||=2176.5  A·x=u? YES  time=0.0ms
SamplePre correctness: 10/10 PASS
Average preimage norm: 2145.81
Gaussian width s = 254.56

=== Test 6: A distribution (uniformity check) ===
Mean entry of A: 128.4  (expected ≈ 128.0)  relative error: 0.29%
Uniformity check: PASS


=== Larger params: n=16, q=8209 ===
  m = 16,  k = 3
  SamplePre correctness: PASS
  ||x|| = 904.2
╔══════════════════════════════════════════════╗
║   MP12 DelTrapGen — C/C++ 实现              ║
║   Tag委托 / SampleLeft / SampleRight         ║
╚══════════════════════════════════════════════╝

参数: n=8  q=257  b=2  k=9  m=80  s=254.6

=== Test 7: DelTrapGen (A·T_H = H·G) ===
  基础陷门已生成（tag = I_n）
  验证基础陷门关系 A·[R;I]=G:   A·[R;I] = G                          [ PASS ]

  测试不同 tag H 的委托：
    tag H_0 (对角): [22,164,196,6,117,205,164,238]  A·T_H=H·G: ✓
    tag H_1 (对角): [90,231,226,213,159,41,142,61]  A·T_H=H·G: ✓
    tag H_2 (对角): [100,39,164,94,170,214,220,42]  A·T_H=H·G: ✓
    tag H_3 (对角): [118,147,31,146,130,113,43,55]  A·T_H=H·G: ✓
    tag H_4 (对角): [102,35,213,11,237,79,145,207]  A·T_H=H·G: ✓
  DelTrapGen 全部陷门关系         [ PASS ]
  Kronecker 性质 G·(H⊗I_k) = H·G  [ PASS ]

=== Test 8: SamplePre（带 tag H） ===
trial   tag H 对角||x||         A·x=u?
    --------------------------------------------
  0      [91 ,...]3918.3             YES ✓
  1      [101,...]3940.8             YES ✓
  2      [242,...]3907.5             YES ✓
  3      [233,...]2986.8             YES ✓
  4      [249,...]2934.3             YES ✓
  5      [212,...]3200.0             YES ✓
  6      [204,...]3637.3             YES ✓
  7      [240,...]3046.3             YES ✓

  SamplePre(tagged) 正确性 8/8       [ PASS ]
  平均原像范数: 3446.4  (高斯宽度 s=254.6)

=== Test 9: SampleLeft [A|B]·x = u ===
  A: 8×80  B: 8×80  [A|B]: 8×160

trial   ||x||         ||x1||      ||x2||      [A|B]·x=u?
  --------------------------------------------------------
  0    3225        2368        2190               YES ✓
  1    3207        2277        2259               YES ✓
  2    3118        2142        2266               YES ✓
  3    3215        2303        2243               YES ✓
  4    2977        2239        1962               YES ✓
  5    2951        2025        2146               YES ✓
  6    3505        2608        2342               YES ✓
  7    3414        2260        2559               YES ✓

  SampleLeft 正确性 8/8              [ PASS ]
  平均范数: 3201

=== Test 10: SampleRight [A|B]·x = u, B=A·B_R+G ===
  A: 8×80  B_R(右陷门): 80×72  B=A·B_R+G: 8×72
  [A|B]: 8×152

  B = A·B_R + G 构造验证           [ PASS ]

trial   ||x||         ||x1||      ||x2||      [A|B]·x=u?
  --------------------------------------------------------
  0    2320        2320        5                  YES ✓
  1    2301        2301        5                  YES ✓
  2    2478        2478        6                  YES ✓
  3    2372        2372        5                  YES ✓
  4    2297        2297        6                  YES ✓
  5    2105        2105        6                  YES ✓
  6    2489        2489        5                  YES ✓
  7    2254        2254        5                  YES ✓

  SampleRight 正确性 8/8             [ PASS ]
  平均范数: 2327

=== Test 11: IBE 场景端到端模拟 ===
  [Setup] 主密钥生成完成，A: 8×80
  [Extract-Left]  用户密钥 [A|A_id]·sk=u[ PASS ]
    ||sk||=3414
  [Extract-Tag]   tag H 委托 A·sk=u  [ PASS ]
    ||sk||=3353
  [Extract-Right] 右陷门 [A|B]·sk=u [ PASS ]
    ||sk||=2008

=== 算法结构汇总 ===

  GenTrap (已有)
    └─ 生成 (A, R)，满足 A·[R;I] = G

  DelTrapGen (新增，本文件)
    └─ 输入: (A, R, H_new)
       输出: T_H，满足 A·T_H = H·G
       核心: H̃ = H⊗I_k，T_H = [R·H̃; H̃]

  SamplePre_tagged (新增)
    └─ 输入: tagged 陷门 T_H，目标 u
       核心变化: 目标调整 u' = H^{-1}·(u-v)，再 SampleG

  SampleLeft (新增)
    └─ 输入: A 的陷门，任意 B，目标 u
       输出: [x1;x2] s.t. [A|B]·[x1;x2] = u
       核心: x2←高斯, x1←SamplePre(A, u-B·x2)

  SampleRight (新增)
    └─ 输入: A，右陷门 B_R (B=A·B_R+G)，目标 u
       输出: [x1;x2] s.t. [A|B]·[x1;x2] = u
       核心: 扰动 p，x2←SampleG(u-A·p)，x1=p-B_R·x2

  应用层次:
    ├─ IBE:   DelTrapGen → 用户私钥提取
    ├─ HIBE:  SampleLeft → 子级密钥委托
    ├─ ABE:   SampleRight → 属性密钥生成
    └─ 签名:  SamplePre_tagged → 带 tag 的签名

Done.

Done.

╔══════════════════════════════════════════╗
║  test_powersof                           ║
╚══════════════════════════════════════════╝
================================================
  Powersof_b / BitDecomp_b  测试
================================================

--- Test 1: Powersof2 标量 (q=17, b=2) ---
q=17  b=2  k=5
  Powersof2(1) =  [1, 2, 4, 8, 16]
  Powersof2(3) =  [3, 6, 12, 7, 14]
  Powersof2(5) =  [5, 10, 3, 6, 12]
  Powersof2(7) =  [7, 14, 11, 5, 10]

--- Test 2: Powersof3 标量 (q=97, b=3) ---
  Powersof3(5)  =  [5, 15, 45, 38, 17]

--- Test 3: BitDecomp 重构原值 ---
q=257  k=9
  全部 257 个值重构: PASS

--- Test 4: 对偶恒等式 (核心性质) ---
  <BitDecomp(x), Powersof(y)> = x·y (mod q)
  随机测试 10000/10000  PASS

--- Test 5: 不同基 b 的对偶恒等式 ---
  q=    97  b= 2  k= 7  1000/1000  PASS
  q=    97  b= 3  k= 5  1000/1000  PASS
  q=    97  b= 5  k= 3  1000/1000  PASS
  q=  1031  b= 2  k=11  1000/1000  PASS
  q=  1031  b= 4  k= 6  1000/1000  PASS
  q=  1031  b= 8  k= 4  1000/1000  PASS
  q= 65537  b=16  k= 5  1000/1000  PASS

--- Test 6: 向量版对偶恒等式 ---
  <BitDecomp(v2), Powersof(v1)> = 543
  <v1, v2> mod q             = 543
  PASS

--- Test 7: 平衡 vs 非平衡分解 (b=8) ---
  非平衡 (∈[0,b))   平均 ‖·‖²: 71.191
  平衡   (∈[-b/2,b/2)) 平均 ‖·‖²: 22.398
  减小比例: 68.5%

Done.

╔══════════════════════════════════════════╗
║  test_powersof_modswitch                 ║
╚══════════════════════════════════════════╝
=========================================================
  Two-part Powersof2 with modulus switching (IBE keygen)
=========================================================

--- Test 1: 小例子 (p=17, q=257, m=4) ---
p=17  q=257  m=4  k_p=5  k_q=9
期望长度: k_p + m·k_q = 41

e = [3, 17, 100, 200]
sk_id 长度 = 41  (期望 41)
第一段 Powersof2_p(1): [1, 2, 4, 8, 16] (len=5)
  期望: (1, 2, 4, 8, 16) mod 17 = (1, 2, 4, 8, 16) ✓

第二段 -(p/q)·Powersof2_q(e): [0, 0, 16, 15, 14, 11, 4, 9, 0, 16, 15, 13, 8, 16, 15, 13 ...] (len=36)

--- Test 2: round_scale 正确性 ---
round(p·x/q) for p=16, q=1024
  x=    0  round_scale=   0  exact=0.000
  x=   32  round_scale=   1  exact=0.500
  x=   64  round_scale=   1  exact=1.000
  x=  128  round_scale=   2  exact=2.000
  x=  512  round_scale=   8  exact=8.000
  x= 1023  round_scale=   0  exact=15.984
  x= -100  round_scale=  -2  exact=-1.562

--- Test 3: 手动验证第二段每个元素 ---
e = [100],  k_q = 10
j   2^j·e mod q   round(p·val/q)   sk[k_p+j]
   0        100             -2           14  ✓
   1        200             -3           13  ✓
   2        400             -6           10  ✓
   3        800              4            4  ✓
   4        576              7            7  ✓
   5        128             -2           14  ✓
   6        256             -4           12  ✓
   7        512             -8            8  ✓
   8          0              0            0  ✓
   9          0              0            0  ✓

--- Test 4: 模数切换下的近似对偶恒等式 ---
p=257  q=65537  m=8
试验次数: 1000
平均误差: 1.340
最大误差: 5.000
容差 (k_p + m·k_q = 145) 内: 1000/1000
结论: PASS (误差有界)

--- Test 5: e=0 退化情况 ---
e=0 时第一段: [1, 2, 4, 8, 16] (len=5)
e=0 时第二段: [0, 0, 0, 0, 0, 0, 0, 0, 0, 0, 0, 0, 0, 0, 0, 0 ...] (len=36)
第二段全 0: PASS

Done.

╔══════════════════════════════════════════╗
║  test_frd                                ║
╚══════════════════════════════════════════╝
================================================
  FRD: Full-Rank Difference Encoding (ABB10)
================================================

--- Test 1: 寻找 F_q 上 n 次不可约多项式 ---
  n=2  q=  7  f(x) = x^2 + 4x + 5   ✓ irreducible
  n=3  q= 11  f(x) = x^3 + 3x^2 + 4x + 6   ✓ irreducible
  n=4  q= 17  f(x) = x^4 + 8x^3 + 6x + 4   ✓ irreducible
  n=5  q= 23  f(x) = x^5 + 8x^4 + 6x^3 + 8x^2 + 13x + 2   ✓ irreducible
  n=6  q= 31  f(x) = x^6 + 13x^5 + 23x^4 + 29x^3 + 25x^2 + 19x + 21   ✓ irreducible
  n=4  q= 97  f(x) = x^4 + 13x^3 + 72x^2 + 61x + 73   ✓ irreducible

--- Test 2: FRD 输出示例 (n=4, q=17) ---
  使用不可约多项式 f(x) = x^4 + 10x^3 + 12x^2 + 12x + 4

FRD([3,1,4,1])  (4×4)
  [    3   13    7    8 ]
  [    1    8    0   14 ]
  [    4    6   12    7 ]
  [    1   11   15   15 ]

FRD(0) 应该是零矩阵:
FRD([0,0,0,0])  (4×4)
  [    0    0    0    0 ]
  [    0    0    0    0 ]
  [    0    0    0    0 ]
  [    0    0    0    0 ]

--- Test 3: 全秩差分性质 (核心) ---
  q=97  n=4  trials=500
  H_id1 - H_id2 满秩: 500/500   PASS

--- Test 4: 线性性 FRD(a) - FRD(b) = FRD(a-b) ---
  线性性测试: 200/200  PASS

--- Test 5: FRD(0) = 0 ---
  PASS

--- Test 6: FRD([1,0,0,...]) = I_n ---
  乘以 1 应得单位矩阵: PASS

--- Test 7: 性能 (n=8, q=8209) ---
  1000 次 FRD 编码: 0.36 ms
  平均每次: 0.36 µs

Done.

╔══════════════════════════════════════════╗
║  debug_frd                               ║
╚══════════════════════════════════════════╝
f = x^2 + 1, deg = 2
is_irreducible(x^2+1, F_7) = 1
f2 = x^2 + 5, is_irreducible? 0
f3 = x^2 + x + 3, is_irreducible? 1
found: x^2 + 0x + 1
found: x^2 + 3x + 1
found: x^2 + 4x + 1
found: x^2 + 0x + 2
found: x^2 + 2x + 2
found: x^2 + 5x + 2
found: x^2 + 1x + 3
found: x^2 + 2x + 3
found: x^2 + 5x + 3
found: x^2 + 6x + 3
found: x^2 + 0x + 4
found: x^2 + 1x + 4
found: x^2 + 6x + 4
found: x^2 + 2x + 5
found: x^2 + 3x + 5
found: x^2 + 4x + 5
found: x^2 + 5x + 5
found: x^2 + 1x + 6
found: x^2 + 3x + 6
found: x^2 + 4x + 6
found: x^2 + 6x + 6

╔══════════════════════════════════════════╗
║  bench_matops                            ║
╚══════════════════════════════════════════╝
════════════════════════════════════════════════════════════════
  HIBE Matrix Operations Benchmark
  (mat_add / mat_sub / mat_mul / mat_hcat)
════════════════════════════════════════════════════════════════

========== 正确性测试 ==========
  (A+B) - B == A           PASS
  (A+B)·C == A·C + B·C     PASS
  [A|B]·[C;D] == A·C + B·D PASS
  hcat 维度: 8×6 + 8×6 → 8×12
  vcat 维度: 6×5 + 6×5 → 12×5

========== HIBE 第 ℓ 层委托步骤 ==========
  参数: n=8, q=8209, k=14, nk=112, ℓ=3
  m_{ℓ-1} = 232, m_ℓ = 344

  A_{ℓ-1}: 8×232
  A_ℓ    : 8×112
  G      : 8×112
  H_{id_ℓ}: 8×8

  Step 1  T = H_{id}·G       : 8×112    0.026 ms
  Step 2  B = A_ℓ + T        : 8×112    0.005 ms
  Step 3  [A_{ℓ-1} || B]    : 8×344  0.015 ms
  Step 4  H_ℓ·G - B         : 8×112    0.031 ms
  ─────────────────────────────────────────
  总耗时(单次委托步骤)   : 0.076 ms

========== 微观基准测试 ==========

>>> mat_add: 加法 (A+B mod q)
  shape          time(ms)    throughput
    16×  16        0.0008       316.3 M ops/s
    64×  64        0.0078       524.6 M ops/s
   128× 128        0.0283       579.5 M ops/s
   256× 256        0.3184       205.8 M ops/s
    32× 256        0.0137       599.7 M ops/s
   256×  32        0.0206       397.8 M ops/s

>>> mat_sub: 减法 (A-B mod q)
  shape          time(ms)    throughput
    16×  16        0.0007       359.4 M ops/s
    64×  64        0.0074       550.7 M ops/s
   128× 128        0.0271       605.1 M ops/s
   256× 256        0.3350       195.6 M ops/s
    32× 256        0.0134       613.0 M ops/s
   256×  32        0.0185       441.6 M ops/s

>>> mat_hcat: 横向拼接 [A|B]
  shape          time(ms)    throughput
    16×  16        0.0006       925.2 M cells/s
    64×  64        0.0055      1497.4 M cells/s
   128× 128        0.0926       354.0 M cells/s
   256× 256        0.5593       234.4 M cells/s
    32× 256        0.0080      2037.5 M cells/s
   256×  32        0.0116      1414.4 M cells/s

>>> mat_mul: 乘法 (A·B mod q)
  A shape    B shape       time(ms)    throughput
    16×  16    16×  16       0.0134        0.61 GOPS
    64×  64    64×  64       0.8531        0.61 GOPS
   128× 128   128× 128       6.9374        0.60 GOPS
   256× 256   256× 256      55.0791        0.61 GOPS
    32× 256   256×  32       0.8640        0.61 GOPS
   256×  32    32× 256       7.0141        0.60 GOPS

>>> 同一尺寸下不同操作的相对耗时 (128×128)
  add :    0.0268 ms  (基准  1×)
  sub :    0.0278 ms  (1.04×)
  hcat:    0.0952 ms  (3.56×)
  mul :    6.7348 ms  (251.74×)

Done.

All tests finished.
